TY2024_TAXFILING_REFUNDBALDUEAMOUNT_FED,TY2024_TAXFILING_EFILESTATUS_STATEREJECTED,TY2024_TTOGTKM_TOTALREVENUE,TY2024_TTOLIFEEVENTSARRAY_QUALIFIEDFOREITC,TY2024_TTOGTKM_HASGOTMARRIED,TY2024_COMMERCE_COMPLETEDSKU,TY2024_STRATEGICSEGMENTSTART_GENZ,DCEVENTHEADERS_USERID,TY2024_MARKETING_FIRSTAUTHTIMESTAMP
-500.0,CA,50000,true,true,DELUXE,0,12345ABCD,2022-09-29 23:00:04.235
-500.0,CA,40000,true,true,DELUXE,0,13306E58E2F0FE44C3991F03E8027FF5A30,2022-09-29 23:00:04.235
